Switching PrgEnv-cray.
Switching cce.
Switching cray-libsci.
Switching cray-mpich.
Switching cray-python.
Switching craype.
Switching perftools-base.
Switching PrgEnv-cray.
Switching cce.
Switching cray-libsci.
Switching cray-mpich.
Switching cray-python.
Switching craype.
Switching perftools-base.
Switching PrgEnv-cray.
Switching cce.
Switching cray-libsci.
Switching cray-mpich.
Switching cray-python.
Switching craype.
Switching perftools-base.
Test done Mon 10 Feb 2025 05:11:53 PM CET
